// Jest Snapshot v1, https://goo.gl/fbAQLP

exports[`GraphQL server should return all the speakers with talks. 1`] = `
Object {
  "data": Object {
    "speakers": Array [
      Object {
        "talks": Array [],
      },
      Object {
        "talks": Array [
          Object {
            "id": "91501d6d-4126-4815-abfc-cf064c882603",
            "lang": "pt-BR",
            "name": "Andrews Medina",
            "speaker_id": "8a59b33f-bc3a-431c-9edd-4ff6c63eaa18",
            "theme": "Escrever código é algo fácil o difícil é manter seu código limpo, legível por muito tempo sem transformá-lo em um código legado. Irei abordar várias práticas e princípios que nos ajudam a escrever e manter o código limpo.",
            "title": "Código Limpo",
          },
        ],
      },
      Object {
        "talks": Array [],
      },
      Object {
        "talks": Array [
          Object {
            "id": "97068550-7bf5-4d84-a610-257f23518273",
            "lang": "pt-BR",
            "name": "Mateus Malaquias",
            "speaker_id": "66f278b8-8690-4241-9ef8-1f1c51be28df",
            "theme": "O que é Node.js? Por que utilizar JavaScript no lado do servidor? Como funciona? Escala? Qual a empresa por trás do projeto? É difícil? Onde posso aprender? Nesta palestra vamos entender melhor sobre essa plataforma de desenvolvimento que vem abrindo muitas portas no mercado e derrubando plataformas já consagradas.",
            "title": "Node? JavaScript no servidor? WTF?",
          },
        ],
      },
      Object {
        "talks": Array [],
      },
      Object {
        "talks": Array [
          Object {
            "id": "47c39051-0fba-4f24-a06b-0f4af92e670c",
            "lang": "en",
            "name": "Gabriel Mičko",
            "speaker_id": "cfc5f8de-b034-4c61-b885-1db70d319e1c",
            "theme": "The presentation covers an introduction to the GraphQL query language, explaining its features and benefits. I will show how minimal investment you have to do to start up your GraphQL endpoint without having to rewrite your entire database infrastructure. The workshop includes live demonstration (live coding).",
            "title": "GraphQL beyond the limit",
          },
          Object {
            "id": "6a5a8b27-121c-4dc1-96dd-3df5f065158b",
            "lang": "en",
            "name": "Gabriel Mičko",
            "speaker_id": "cfc5f8de-b034-4c61-b885-1db70d319e1c",
            "theme": "The presentation covers the main pillars of WebRTC which is video - audio calling and file sharing. It includes a well prepared demo with interaction with the audience, top-notch news and help to get started.",
            "title": "WebRTC From Zero to Hero",
          },
        ],
      },
      Object {
        "talks": Array [],
      },
      Object {
        "talks": Array [
          Object {
            "id": "a5b54ecc-d349-479e-b4d6-6d3dc3858334",
            "lang": "pt-BR",
            "name": "Geisa Santos",
            "speaker_id": "532a915b-6706-47ab-9c61-654329f44b72",
            "theme": "p5js é uma biblioteca JS que fornece um ambiente interativo e gráfico baseado nos princípios do Processing, linguaguem de programação voltada para criativos e artistas. Nesta talk você vai conhecer um case que une jogos, interatividade e ativismo.",
            "title": "Experiências interativas com p5.js",
          },
        ],
      },
      Object {
        "talks": Array [
          Object {
            "id": "bfe84114-3d0c-4380-b4a5-9acc1cee3dff",
            "lang": "pt-BR",
            "name": "Francisco Neto",
            "speaker_id": "9c1fecff-7849-45bf-a835-bf5f1ca4aa2a",
            "theme": "React isso, Angular aquilo. Seria interessante dar um pouco de espaço ao vue (https://vuejs.org) Afinal, tudo na vida tem que ter uma alternativa asiática.",
            "title": "Vue.js, o primo pobre",
          },
        ],
      },
      Object {
        "talks": Array [
          Object {
            "id": "f0479cad-5207-40f8-8245-8a595dedc9ed",
            "lang": "pt-BR",
            "name": "Sérgio Gama",
            "speaker_id": "88628e6c-32cd-450b-965b-c664ec521b82",
            "theme": "",
            "title": "Transformação Digital e IoT com sistemas cognitivos",
          },
        ],
      },
      Object {
        "talks": Array [
          Object {
            "id": "2de314c2-067a-4d79-9133-1852bf9c7340",
            "lang": "pt-BR",
            "name": "Roselma Mendes",
            "speaker_id": "a8914a24-0135-4f2b-8e59-65116256a410",
            "theme": "Cada vez mais vemos a comunidade de desenvolvimento de software falar mais e mais sobre como entregar software de maneira rápida e com qualidade, onde DevOps, Entrega e Integração Contínua fazem parte dessas discussões. Baseado nisso, Docker se tornou uma das palavras do momento. Depois do uso das máquinas virtuais, atualmente tem se falado muito da conteinerização das aplicações. A idéia é mostrar como usar docker em uma aplicação React com um servidor ExpressJS. Serão abordados temas de \\"mount volume\\", docker-compose, testes em containers, deploy com docker, práticas para dockerizar aplicações web. E a pergunta de 1 milhão de dólares para que serve esse Docker e quais as vantagens de usar ele. Entenda em como \\"dockerizar\\" uma aplicação pode ajudar no desenvolvimento e na entrega dela.",
            "title": "Docker no desenvolvimento Web",
          },
        ],
      },
      Object {
        "talks": Array [
          Object {
            "id": "4383a921-8704-441a-81ef-221df4cae9f5",
            "lang": "pt-BR",
            "name": "Luiz Duarte",
            "speaker_id": "8044e87b-09bd-4a06-91c8-1bd06672036b",
            "theme": "Uma palestra de provocação para que a platéia pense sobre como ensinamos software hoje e como deveríamos estar ensinando amanhã, se quisermos que mais pessoas se interessem por programação (e porque isso é importante para o futuro).",
            "title": "Por que Stanford trocou Java por JavaScript?",
          },
        ],
      },
      Object {
        "talks": Array [],
      },
      Object {
        "talks": Array [
          Object {
            "id": "33922c2e-4550-442a-adc5-4f046e1d5071",
            "lang": "pt-BR",
            "name": "Raphael Amorim",
            "speaker_id": "e21711ed-e990-41fe-9bca-85f1321fa938",
            "theme": "A ideia a palestra é falar sobre memória no nodejs (V8) e também sobre o spidermonkey[Firefox]), problemas comuns e mais complexos de leaks. Apresentando como debugar, detectar e resolver problemas com memória, além de mostrar casos reais de memory leaks da globo.com.",
            "title": "Understanding Memory Behavior on NodeJS",
          },
        ],
      },
      Object {
        "talks": Array [
          Object {
            "id": "396a0cb5-83d3-485d-a180-8279efd2fe8b",
            "lang": "pt-BR",
            "name": "Romualdo André",
            "speaker_id": "f8945307-089a-476f-9a45-2048361d55b5",
            "theme": "O Curso Básico de JavaScript ajudará os alunos com os seus primeiros passos na linguagem mais utilizada do mundo. Será um momento de muito aprendizado e muita \\"mão na massa\\". Com esse curso, os participantes estarão aptos a trabalhar com desenvolvimento de aplicações web e manipulação do DOM com JavaScript. Teremos duas turmas, uma pela manhã e outra pela tarde.",
            "title": "Workshop: Iniciando com JavaScript (Turma 01)",
          },
          Object {
            "id": "aa3b7f51-e00e-4cb6-ad62-6e9bce963d5b",
            "lang": "pt-BR",
            "name": "Romualdo André",
            "speaker_id": "f8945307-089a-476f-9a45-2048361d55b5",
            "theme": "O Curso Básico de JavaScript ajudará os alunos com os seus primeiros passos na linguagem mais utilizada do mundo. Será um momento de muito aprendizado e muita \\"mão na massa\\". Com esse curso, os participantes estarão aptos a trabalhar com desenvolvimento de aplicações web e manipulação do DOM com JavaScript. Teremos duas turmas, uma pela manhã e outra pela tarde.",
            "title": "Workshop: Iniciando com JavaScript (Turma 02)",
          },
        ],
      },
      Object {
        "talks": Array [
          Object {
            "id": "9a6a537b-c05d-450e-ab43-07dc59065430",
            "lang": "pt-BR",
            "name": "Joselito Júnior",
            "speaker_id": "c960e392-c0fa-4fc8-8f93-3b051fa1c572",
            "theme": "Nessa talk você vai conhecer a fundo as Accelerated Mobile Pages, projeto Open Source endorsado pelo Google que permite a criação de páginas web com renderização praticamente instantânea. Saiba a fundo as novidades do projeto, como implementar no seu produto e as enormes vantagens que o AMP tem para o desenvolvimento de webapps.",
            "title": "Escolha: quer seu webapp bonito, com SEO bom ou rápido? Tenha os três usando AMP.",
          },
        ],
      },
      Object {
        "talks": Array [
          Object {
            "id": "62f83a2c-d972-4c12-b889-c1681856621b",
            "lang": "pt-BR",
            "name": "Matheus Cardoso",
            "speaker_id": "9d1a6993-fe33-4ea7-bfc6-6599a0dbc1bb",
            "theme": "It's not easy to understand change detection in Angular. Is about Zones, Observables, Threads that communicate among them, and some other dark matters. But for humans, we can talk about the how the different strategies works between components, pure and impure Pipes, how the components are connected to achieve a fast and predictable change detection and, of course, how to make an faster Angular application mixing these strategies. ",
            "title": "Change detection in Angular for Humans",
          },
        ],
      },
      Object {
        "talks": Array [
          Object {
            "id": "4d0d06f5-f45e-46a6-ab25-9ec9274a1f74",
            "lang": "pt-BR",
            "name": "Marcus Silva",
            "speaker_id": "a4245339-afb9-4afc-a7d3-dce2fd63380f",
            "theme": "Progressive Web Apps(PWA) são páginas web vitaminadas que graças aos ServiceWorkers e ao App Shell possibilitam uma experiência semelhante a um aplicativo nativo. Nessa palestra iremos descobrir como fazer PWAs utilizando React e entender como podemos mudar a forma que entregamos conteúdo aos usuários.",
            "title": "Progressive Web Apps: the much-hyped future",
          },
        ],
      },
      Object {
        "talks": Array [
          Object {
            "id": "536bef55-4133-4843-97e4-e032a2db0a9d",
            "lang": "pt-BR",
            "name": "Paulo Duarte",
            "speaker_id": "e9b6f900-dcee-47a3-a65d-026ecc555c64",
            "theme": "Algumas ferramentas e dicas para aumentar a sua produtividade e diminuir o tempo de deploy da sua aplicação para produção.",
            "title": "Desenvolvimento Ágil com JavaScript",
          },
        ],
      },
      Object {
        "talks": Array [
          Object {
            "id": "648bb8a4-a034-413a-a5d4-35a7437729fd",
            "lang": "pt-BR",
            "name": "Pedro Neri",
            "speaker_id": "fa79f884-b9f5-4e92-b8f5-5276f6083000",
            "theme": "Seria possível desenvolver apps mobile para iOS e Android a partir de um único código fonte com performance nativa (ou superior) utilizando apenas seus conhecimentos de JavaScript para web? Descubra todo o poder que React Native tem e porque utilizá-lo no dia a dia da sua empresa.",
            "title": "Apps mobile performáticos com Javascript",
          },
        ],
      },
      Object {
        "talks": Array [],
      },
    ],
  },
}
`;
